!*** features

feature@org.hibernate.eclipse.sdk.feature=SVN,,http://anonsvn.jboss.org/repos,,jbosstools/trunk/hibernatetools/features/org.hibernate.eclipse.sdk.feature
feature@org.hibernate.eclipse.feature=SVN,,http://anonsvn.jboss.org/repos,,jbosstools/trunk/hibernatetools/features/org.hibernate.eclipse.feature
feature@org.hibernate.eclipse.test.feature=SVN,,http://anonsvn.jboss.org/repos,,jbosstools/trunk/hibernatetools/features/org.hibernate.eclipse.test.feature

!*** plugins

plugin@org.hibernate.eclipse=SVN,,http://anonsvn.jboss.org/repos,,jbosstools/trunk/hibernatetools/plugins/org.hibernate.eclipse
plugin@org.hibernate.eclipse.console=SVN,,http://anonsvn.jboss.org/repos,,jbosstools/trunk/hibernatetools/plugins/org.hibernate.eclipse.console
plugin@org.hibernate.eclipse.help=SVN,,http://anonsvn.jboss.org/repos,,jbosstools/trunk/hibernatetools/plugins/org.hibernate.eclipse.help
plugin@org.hibernate.eclipse.jdt.apt.ui=SVN,,http://anonsvn.jboss.org/repos,,jbosstools/trunk/hibernatetools/plugins/org.hibernate.eclipse.jdt.apt.ui
plugin@org.hibernate.eclipse.jdt.ui=SVN,,http://anonsvn.jboss.org/repos,,jbosstools/trunk/hibernatetools/plugins/org.hibernate.eclipse.jdt.ui
plugin@org.hibernate.eclipse.mapper=SVN,,http://anonsvn.jboss.org/repos,,jbosstools/trunk/hibernatetools/plugins/org.hibernate.eclipse.mapper

plugin@org.jboss.tools.hibernate.jpt.core=SVN,,http://anonsvn.jboss.org/repos,,jbosstools/trunk/hibernatetools/plugins/org.jboss.tools.hibernate.jpt.core
plugin@org.jboss.tools.hibernate.jpt.ui=SVN,,http://anonsvn.jboss.org/repos,,jbosstools/trunk/hibernatetools/plugins/org.jboss.tools.hibernate.jpt.ui
plugin@org.jboss.tools.hibernate.ui=SVN,,http://anonsvn.jboss.org/repos,,jbosstools/trunk/hibernatetools/plugins/org.jboss.tools.hibernate.ui
plugin@org.jboss.tools.hibernate.xml.ui=SVN,,http://anonsvn.jboss.org/repos,,jbosstools/trunk/hibernatetools/plugins/org.jboss.tools.hibernate.xml.ui
plugin@org.jboss.tools.hibernate.xml=SVN,,http://anonsvn.jboss.org/repos,,jbosstools/trunk/hibernatetools/plugins/org.jboss.tools.hibernate.xml

!*** tests

plugin@org.jboss.tools.tests=SVN,,https://anonsvn.jboss.org/repos,,jbosstools/trunk/tests/tests/org.jboss.tools.tests

plugin@org.hibernate.eclipse.console.test=SVN,,http://anonsvn.jboss.org/repos,,jbosstools/trunk/hibernatetools/tests/org.hibernate.eclipse.console.test
plugin@org.hibernate.eclipse.jdt.ui.test=SVN,,http://anonsvn.jboss.org/repos,,jbosstools/trunk/hibernatetools/tests/org.hibernate.eclipse.jdt.ui.test
plugin@org.jboss.tools.hibernate.jpt.core.test=SVN,,http://anonsvn.jboss.org/repos,,jbosstools/trunk/hibernatetools/tests/org.jboss.tools.hibernate.jpt.core.test
plugin@org.jboss.tools.hibernate.ui.bot.test=SVN,,http://anonsvn.jboss.org/repos,,jbosstools/trunk/hibernatetools/tests/org.jboss.tools.hibernate.ui.bot.test
plugin@org.jboss.tools.hibernate.ui.test=SVN,,http://anonsvn.jboss.org/repos,,jbosstools/trunk/hibernatetools/tests/org.jboss.tools.hibernate.ui.test
